
shell@LAPTOP-9LICG3ON MINGW64 ~
$ cd "C:\Users\shell\OneDrive\Desktop\SI_2024_lab1_223104"

shell@LAPTOP-9LICG3ON MINGW64 ~/OneDrive/Desktop/SI_2024_lab1_223104
$ git init
Initialized empty Git repository in C:/Users/shell/OneDrive/Desktop/SI_2024_lab1_223104/.git/

shell@LAPTOP-9LICG3ON MINGW64 ~/OneDrive/Desktop/SI_2024_lab1_223104 (master)
$ git remote add https://github.com/GorgievskiDaniel/SI_2024_lab1_223104
usage: git remote add [<options>] <name> <url>

    -f, --[no-]fetch      fetch the remote branches
    --[no-]tags           import all tags and associated objects when fetching
                          or do not fetch any tag at all (--no-tags)
    -t, --[no-]track <branch>
                          branch(es) to track
    -m, --[no-]master <branch>
                          master branch
    --[no-]mirror[=(push|fetch)]
                          set up remote as a mirror to push to or fetch from


shell@LAPTOP-9LICG3ON MINGW64 ~/OneDrive/Desktop/SI_2024_lab1_223104 (master)
$ git remote add origin https://github.com/GorgievskiDaniel/SI_2024_lab1_223104

shell@LAPTOP-9LICG3ON MINGW64 ~/OneDrive/Desktop/SI_2024_lab1_223104 (master)
$ nano README.md

shell@LAPTOP-9LICG3ON MINGW64 ~/OneDrive/Desktop/SI_2024_lab1_223104 (master)
$ git add README.md
warning: in the working copy of 'README.md', LF will be replaced by CRLF the next time Git touches it

shell@LAPTOP-9LICG3ON MINGW64 ~/OneDrive/Desktop/SI_2024_lab1_223104 (master)
$ git commit -m "Initial commit"
[master (root-commit) bb287ec] Initial commit
 1 file changed, 1 insertion(+)
 create mode 100644 README.md

shell@LAPTOP-9LICG3ON MINGW64 ~/OneDrive/Desktop/SI_2024_lab1_223104 (master)
$ git add *.java
warning: in the working copy of 'SILab1Main.java', LF will be replaced by CRLF the next time Git touches it
warning: in the working copy of 'SILab1_1.java', LF will be replaced by CRLF the next time Git touches it
warning: in the working copy of 'SILab1_2.java', LF will be replaced by CRLF the next time Git touches it

shell@LAPTOP-9LICG3ON MINGW64 ~/OneDrive/Desktop/SI_2024_lab1_223104 (master)
$ git commit -m "Add starter code"
[master f5f94b2] Add starter code
 3 files changed, 47 insertions(+)
 create mode 100644 SILab1Main.java
 create mode 100644 SILab1_1.java
 create mode 100644 SILab1_2.java

shell@LAPTOP-9LICG3ON MINGW64 ~/OneDrive/Desktop/SI_2024_lab1_223104 (master)
$ git push origin master
Enumerating objects: 8, done.
Counting objects: 100% (8/8), done.
Delta compression using up to 12 threads
Compressing objects: 100% (6/6), done.
Writing objects: 100% (8/8), 1.13 KiB | 1.13 MiB/s, done.
Total 8 (delta 0), reused 0 (delta 0), pack-reused 0
To https://github.com/GorgievskiDaniel/SI_2024_lab1_223104
 * [new branch]      master -> master

shell@LAPTOP-9LICG3ON MINGW64 ~/OneDrive/Desktop/SI_2024_lab1_223104 (master)
$ git branch bug1

shell@LAPTOP-9LICG3ON MINGW64 ~/OneDrive/Desktop/SI_2024_lab1_223104 (master)
$ git branch bug2

shell@LAPTOP-9LICG3ON MINGW64 ~/OneDrive/Desktop/SI_2024_lab1_223104 (master)
$ git checkout bug1
Switched to branch 'bug1'

shell@LAPTOP-9LICG3ON MINGW64 ~/OneDrive/Desktop/SI_2024_lab1_223104 (bug1)
$ nano SILab1_1.java

shell@LAPTOP-9LICG3ON MINGW64 ~/OneDrive/Desktop/SI_2024_lab1_223104 (bug1)
$ git add SILab1_1.java
warning: in the working copy of 'SILab1_1.java', LF will be replaced by CRLF the next time Git touches it

shell@LAPTOP-9LICG3ON MINGW64 ~/OneDrive/Desktop/SI_2024_lab1_223104 (bug1)
$ git commit -m "Fix wrong condition in filterOddLengthStrings"
[bug1 8dea70d] Fix wrong condition in filterOddLengthStrings
 1 file changed, 2 insertions(+), 2 deletions(-)

shell@LAPTOP-9LICG3ON MINGW64 ~/OneDrive/Desktop/SI_2024_lab1_223104 (bug1)
$ git checkout bug2
Switched to branch 'bug2'

shell@LAPTOP-9LICG3ON MINGW64 ~/OneDrive/Desktop/SI_2024_lab1_223104 (bug2)
$ nano SILab1_2.java

shell@LAPTOP-9LICG3ON MINGW64 ~/OneDrive/Desktop/SI_2024_lab1_223104 (bug2)
$ git add SILab1_2.java
warning: in the working copy of 'SILab1_2.java', LF will be replaced by CRLF the next time Git touches it

shell@LAPTOP-9LICG3ON MINGW64 ~/OneDrive/Desktop/SI_2024_lab1_223104 (bug2)
$ git commit -m "Fix wrong condition in makeBigStringFrom"
[bug2 eb36321] Fix wrong condition in makeBigStringFrom
 1 file changed, 2 insertions(+), 2 deletions(-)

shell@LAPTOP-9LICG3ON MINGW64 ~/OneDrive/Desktop/SI_2024_lab1_223104 (bug2)
$ git checkout bug1
Switched to branch 'bug1'

shell@LAPTOP-9LICG3ON MINGW64 ~/OneDrive/Desktop/SI_2024_lab1_223104 (bug1)
$ nano SILab1Main.java

shell@LAPTOP-9LICG3ON MINGW64 ~/OneDrive/Desktop/SI_2024_lab1_223104 (bug1)
$ git commit -m "Call method filterOddLengthStrings in main class"
On branch bug1
Changes not staged for commit:
  (use "git add <file>..." to update what will be committed)
  (use "git restore <file>..." to discard changes in working directory)
        modified:   SILab1Main.java

no changes added to commit (use "git add" and/or "git commit -a")

shell@LAPTOP-9LICG3ON MINGW64 ~/OneDrive/Desktop/SI_2024_lab1_223104 (bug1)
$ git add SILab1Main.java
warning: in the working copy of 'SILab1Main.java', LF will be replaced by CRLF the next time Git touches it

shell@LAPTOP-9LICG3ON MINGW64 ~/OneDrive/Desktop/SI_2024_lab1_223104 (bug1)
$ git commit -m "Call method filterOddLengthStrings in main class"
[bug1 9b3e470] Call method filterOddLengthStrings in main class
 1 file changed, 1 insertion(+)

shell@LAPTOP-9LICG3ON MINGW64 ~/OneDrive/Desktop/SI_2024_lab1_223104 (bug1)
$ git log
commit 9b3e47053a98883ff335238108d31383cde71b14 (HEAD -> bug1)
Author: GorgievskiDaniel <daniel.gorgievski6@gmail.com>
Date:   Sun Apr 14 20:31:50 2024 +0200

    Call method filterOddLengthStrings in main class

commit 8dea70d95ecfc0a70a1a8dd4dfb9986fedb85ddd
Author: GorgievskiDaniel <daniel.gorgievski6@gmail.com>
Date:   Sun Apr 14 20:24:45 2024 +0200

    Fix wrong condition in filterOddLengthStrings

commit f5f94b26db85658d00f72a41bb4e3ac7f435809c (origin/master, master)
Author: GorgievskiDaniel <daniel.gorgievski6@gmail.com>
Date:   Sun Apr 14 20:12:36 2024 +0200

    Add starter code

commit bb287ec3c90d37af68cfc9118892b365daa7f2f1
Author: GorgievskiDaniel <daniel.gorgievski6@gmail.com>
Date:   Sun Apr 14 20:10:12 2024 +0200

    Initial commit

shell@LAPTOP-9LICG3ON MINGW64 ~/OneDrive/Desktop/SI_2024_lab1_223104 (bug1)
$ git checkout bug2
Switched to branch 'bug2'

shell@LAPTOP-9LICG3ON MINGW64 ~/OneDrive/Desktop/SI_2024_lab1_223104 (bug2)
$ nano SILab1Main.java

shell@LAPTOP-9LICG3ON MINGW64 ~/OneDrive/Desktop/SI_2024_lab1_223104 (bug2)
$ git add SILab1Main.java

shell@LAPTOP-9LICG3ON MINGW64 ~/OneDrive/Desktop/SI_2024_lab1_223104 (bug2)
$ git commit "Call method makeBigStringFrom in main class"
error: pathspec 'Call method makeBigStringFrom in main class' did not match any file(s) known to git

shell@LAPTOP-9LICG3ON MINGW64 ~/OneDrive/Desktop/SI_2024_lab1_223104 (bug2)
$ git commit -m "Call method makeBigStringFrom in main class"
[bug2 3e2c4b3] Call method makeBigStringFrom in main class
 1 file changed, 1 insertion(+)

shell@LAPTOP-9LICG3ON MINGW64 ~/OneDrive/Desktop/SI_2024_lab1_223104 (bug2)
$ git push origin master
Everything up-to-date

shell@LAPTOP-9LICG3ON MINGW64 ~/OneDrive/Desktop/SI_2024_lab1_223104 (bug2)
$ git push -u origin master
Everything up-to-date
branch 'master' set up to track 'origin/master'.

shell@LAPTOP-9LICG3ON MINGW64 ~/OneDrive/Desktop/SI_2024_lab1_223104 (bug2)
$ git push origin bug1
Enumerating objects: 9, done.
Counting objects: 100% (9/9), done.
Delta compression using up to 12 threads
Compressing objects: 100% (6/6), done.
Writing objects: 100% (6/6), 744 bytes | 744.00 KiB/s, done.
Total 6 (delta 3), reused 0 (delta 0), pack-reused 0
remote: Resolving deltas: 100% (3/3), completed with 2 local objects.
remote:
remote: Create a pull request for 'bug1' on GitHub by visiting:
remote:      https://github.com/GorgievskiDaniel/SI_2024_lab1_223104/pull/new/bug1
remote:
To https://github.com/GorgievskiDaniel/SI_2024_lab1_223104
 * [new branch]      bug1 -> bug1

shell@LAPTOP-9LICG3ON MINGW64 ~/OneDrive/Desktop/SI_2024_lab1_223104 (bug2)
$ git push origin bug2
Enumerating objects: 9, done.
Counting objects: 100% (9/9), done.
Delta compression using up to 12 threads
Compressing objects: 100% (6/6), done.
Writing objects: 100% (6/6), 690 bytes | 690.00 KiB/s, done.
Total 6 (delta 4), reused 0 (delta 0), pack-reused 0
remote: Resolving deltas: 100% (4/4), completed with 3 local objects.
remote:
remote: Create a pull request for 'bug2' on GitHub by visiting:
remote:      https://github.com/GorgievskiDaniel/SI_2024_lab1_223104/pull/new/bug2
remote:
To https://github.com/GorgievskiDaniel/SI_2024_lab1_223104
 * [new branch]      bug2 -> bug2

shell@LAPTOP-9LICG3ON MINGW64 ~/OneDrive/Desktop/SI_2024_lab1_223104 (bug2)
$ git checkout master
Switched to branch 'master'
Your branch is up to date with 'origin/master'.

shell@LAPTOP-9LICG3ON MINGW64 ~/OneDrive/Desktop/SI_2024_lab1_223104 (master)
$ git merge bug1
Updating f5f94b2..9b3e470
Fast-forward
 SILab1Main.java | 1 +
 SILab1_1.java   | 4 ++--
 2 files changed, 3 insertions(+), 2 deletions(-)

shell@LAPTOP-9LICG3ON MINGW64 ~/OneDrive/Desktop/SI_2024_lab1_223104 (master)
$ git push origin master
Total 0 (delta 0), reused 0 (delta 0), pack-reused 0
To https://github.com/GorgievskiDaniel/SI_2024_lab1_223104
   f5f94b2..9b3e470  master -> master

shell@LAPTOP-9LICG3ON MINGW64 ~/OneDrive/Desktop/SI_2024_lab1_223104 (master)
$ git push origin bug1
Everything up-to-date

shell@LAPTOP-9LICG3ON MINGW64 ~/OneDrive/Desktop/SI_2024_lab1_223104 (master)
$ git push origin bug2
Everything up-to-date

shell@LAPTOP-9LICG3ON MINGW64 ~/OneDrive/Desktop/SI_2024_lab1_223104 (master)
$ git checkout bug2
Switched to branch 'bug2'

shell@LAPTOP-9LICG3ON MINGW64 ~/OneDrive/Desktop/SI_2024_lab1_223104 (bug2)
$ git rebase master
Auto-merging SILab1Main.java
CONFLICT (content): Merge conflict in SILab1Main.java
error: could not apply 3e2c4b3... Call method makeBigStringFrom in main class
hint: Resolve all conflicts manually, mark them as resolved with
hint: "git add/rm <conflicted_files>", then run "git rebase --continue".
hint: You can instead skip this commit: run "git rebase --skip".
hint: To abort and get back to the state before "git rebase", run "git rebase --abort".
Could not apply 3e2c4b3... Call method makeBigStringFrom in main class

shell@LAPTOP-9LICG3ON MINGW64 ~/OneDrive/Desktop/SI_2024_lab1_223104 (bug2|REBASE 2/2)
$ nano SILab1Main.java

shell@LAPTOP-9LICG3ON MINGW64 ~/OneDrive/Desktop/SI_2024_lab1_223104 (bug2|REBASE 2/2)
$ git checkout master
error: you need to resolve your current index first
SILab1Main.java: needs merge

shell@LAPTOP-9LICG3ON MINGW64 ~/OneDrive/Desktop/SI_2024_lab1_223104 (bug2|REBASE 2/2)
$ git add SILab1Main.java

shell@LAPTOP-9LICG3ON MINGW64 ~/OneDrive/Desktop/SI_2024_lab1_223104 (bug2|REBASE 2/2)
$ git commit
[detached HEAD af8b81f] Call method makeBigStringFrom in main class
 1 file changed, 4 insertions(+)

shell@LAPTOP-9LICG3ON MINGW64 ~/OneDrive/Desktop/SI_2024_lab1_223104 (bug2|REBASE 2/2)
$ git rebase --continue
Successfully rebased and updated refs/heads/bug2.

shell@LAPTOP-9LICG3ON MINGW64 ~/OneDrive/Desktop/SI_2024_lab1_223104 (bug2)
$ git log
commit af8b81f6a86625b76bd35f851d1c9d610bdbebd9 (HEAD -> bug2)
Author: GorgievskiDaniel <daniel.gorgievski6@gmail.com>
Date:   Sun Apr 14 20:59:22 2024 +0200

    Call method makeBigStringFrom in main class

commit 409379f6bf0fbc9332c2691ebe84d3a77f4628f4
Author: GorgievskiDaniel <daniel.gorgievski6@gmail.com>
Date:   Sun Apr 14 20:27:36 2024 +0200

    Fix wrong condition in makeBigStringFrom

commit 9b3e47053a98883ff335238108d31383cde71b14 (origin/master, origin/bug1, master, bug1)
Author: GorgievskiDaniel <daniel.gorgievski6@gmail.com>
Date:   Sun Apr 14 20:31:50 2024 +0200

    Call method filterOddLengthStrings in main class

commit 8dea70d95ecfc0a70a1a8dd4dfb9986fedb85ddd
Author: GorgievskiDaniel <daniel.gorgievski6@gmail.com>
Date:   Sun Apr 14 20:24:45 2024 +0200

    Fix wrong condition in filterOddLengthStrings

commit f5f94b26db85658d00f72a41bb4e3ac7f435809c
Author: GorgievskiDaniel <daniel.gorgievski6@gmail.com>
Date:   Sun Apr 14 20:12:36 2024 +0200

    Add starter code

commit bb287ec3c90d37af68cfc9118892b365daa7f2f1
Author: GorgievskiDaniel <daniel.gorgievski6@gmail.com>
Date:   Sun Apr 14 20:10:12 2024 +0200

    Initial commit

shell@LAPTOP-9LICG3ON MINGW64 ~/OneDrive/Desktop/SI_2024_lab1_223104 (bug2)
$ git checkout master
Switched to branch 'master'
Your branch is up to date with 'origin/master'.

shell@LAPTOP-9LICG3ON MINGW64 ~/OneDrive/Desktop/SI_2024_lab1_223104 (master)
$ git merge bug2
Updating 9b3e470..af8b81f
Fast-forward
 SILab1Main.java | 4 ++++
 SILab1_2.java   | 4 ++--
 2 files changed, 6 insertions(+), 2 deletions(-)

shell@LAPTOP-9LICG3ON MINGW64 ~/OneDrive/Desktop/SI_2024_lab1_223104 (master)
$ git push origin master
Enumerating objects: 9, done.
Counting objects: 100% (9/9), done.
Delta compression using up to 12 threads
Compressing objects: 100% (6/6), done.
Writing objects: 100% (6/6), 701 bytes | 701.00 KiB/s, done.
Total 6 (delta 4), reused 0 (delta 0), pack-reused 0
remote: Resolving deltas: 100% (4/4), completed with 3 local objects.
To https://github.com/GorgievskiDaniel/SI_2024_lab1_223104
   9b3e470..af8b81f  master -> master

shell@LAPTOP-9LICG3ON MINGW64 ~/OneDrive/Desktop/SI_2024_lab1_223104 (master)
$ git push origin bug1
Everything up-to-date

shell@LAPTOP-9LICG3ON MINGW64 ~/OneDrive/Desktop/SI_2024_lab1_223104 (master)
$ git push --force origin bug2
Total 0 (delta 0), reused 0 (delta 0), pack-reused 0
To https://github.com/GorgievskiDaniel/SI_2024_lab1_223104
 + 3e2c4b3...af8b81f bug2 -> bug2 (forced update)

shell@LAPTOP-9LICG3ON MINGW64 ~/OneDrive/Desktop/SI_2024_lab1_223104 (master)
$ git push origin bug2
Everything up-to-date

